%!Adobe-FontList 1.20
%Locale:0x412

%BeginFont
Handler:DirectoryHandler
FontType:Invalid
OutlineFileName:D:\학생방\전유림606\PORTFOLIO-전유림\Font\YomiyasuSansSerif-20231205T073138Z-001\YomiyasuSansSerif\a.jpg
FileModTime:1680223786
%EndFont

%BeginFont
Handler:DirectoryHandler
FontType:Invalid
OutlineFileName:D:\학생방\전유림606\PORTFOLIO-전유림\Font\YomiyasuSansSerif-20231205T073138Z-001\YomiyasuSansSerif\b.jpg
FileModTime:1680223786
%EndFont

%BeginFont
Handler:DirectoryHandler
FontType:Invalid
OutlineFileName:D:\학생방\전유림606\PORTFOLIO-전유림\Font\YomiyasuSansSerif-20231205T073138Z-001\YomiyasuSansSerif\c.jpg
FileModTime:1680223786
%EndFont

%BeginFont
Handler:DirectoryHandler
FontType:Invalid
OutlineFileName:D:\학생방\전유림606\PORTFOLIO-전유림\Font\YomiyasuSansSerif-20231205T073138Z-001\YomiyasuSansSerif\d.jpg
FileModTime:1680223786
%EndFont

%BeginFont
Handler:DirectoryHandler
FontType:Invalid
OutlineFileName:D:\학생방\전유림606\PORTFOLIO-전유림\Font\YomiyasuSansSerif-20231205T073138Z-001\YomiyasuSansSerif\e.jpg
FileModTime:1680223786
%EndFont

%BeginFont
Handler:DirectoryHandler
FontType:Type1
FontName:YomiyasuSansSerifGlitch
FamilyName:YomiyasuSansSerif
StyleName:Glitch
FullName:YomiyasuSansSerif Glitch
MenuName:YomiyasuSansSerif Glitch
StyleBits:0
WritingScript:Roman
OutlineFileName:D:\학생방\전유림606\PORTFOLIO-전유림\Font\YomiyasuSansSerif-20231205T073138Z-001\YomiyasuSansSerif\YomiyasuSansSerif-Glitch.otf
DataFormat:sfntData
UsesStandardEncoding:yes
isCFF:yes
hasSVG:no
VariableFontType:NonVariableFont
FileLength:39144
FileModTime:1680223786
WeightClass:400
WidthClass:5
AngleClass:0
NameArray:0,Mac,4,YomiyasuSansSerif Glitch
NameArray:0,Win,1,YomiyasuSansSerif Glitch
NameArray:0,Win,16,YomiyasuSansSerif
%EndFont

%BeginFont
Handler:DirectoryHandler
FontType:Type1
FontName:YomiyasuSansSerifRounded
FamilyName:YomiyasuSansSerif
StyleName:Rounded
FullName:YomiyasuSansSerif Rounded
MenuName:YomiyasuSansSerif Rounded
StyleBits:0
WritingScript:Roman
OutlineFileName:D:\학생방\전유림606\PORTFOLIO-전유림\Font\YomiyasuSansSerif-20231205T073138Z-001\YomiyasuSansSerif\YomiyasuSansSerif-Rounded.otf
DataFormat:sfntData
UsesStandardEncoding:yes
isCFF:yes
hasSVG:no
VariableFontType:NonVariableFont
FileLength:16648
FileModTime:1680223784
WeightClass:400
WidthClass:5
AngleClass:0
NameArray:0,Mac,4,YomiyasuSansSerif Rounded
NameArray:0,Win,1,YomiyasuSansSerif Rounded
NameArray:0,Win,16,YomiyasuSansSerif
%EndFont

%BeginFont
Handler:DirectoryHandler
FontType:Type1
FontName:YomiyasuSansSerifRegular
FamilyName:YomiyasuSansSerif
StyleName:Regular
FullName:YomiyasuSansSerif
MenuName:YomiyasuSansSerif
StyleBits:0
WritingScript:Roman
OutlineFileName:D:\학생방\전유림606\PORTFOLIO-전유림\Font\YomiyasuSansSerif-20231205T073138Z-001\YomiyasuSansSerif\YomiyasuSansSerif.otf
DataFormat:sfntData
UsesStandardEncoding:yes
isCFF:yes
hasSVG:no
VariableFontType:NonVariableFont
FileLength:12888
FileModTime:1680223784
WeightClass:400
WidthClass:5
AngleClass:0
NameArray:0,Mac,4,YomiyasuSansSerif
NameArray:0,Win,1,YomiyasuSansSerif
NameArray:0,Win,16,YomiyasuSansSerif
%EndFont

%BeginFont
Handler:DirectoryHandler
FontType:Invalid
OutlineFileName:D:\학생방\전유림606\PORTFOLIO-전유림\Font\VaporPixel-20231205T073150Z-001\VaporPixel\a.jpg
FileModTime:1680223782
%EndFont

%BeginFont
Handler:DirectoryHandler
FontType:Invalid
OutlineFileName:D:\학생방\전유림606\PORTFOLIO-전유림\Font\VaporPixel-20231205T073150Z-001\VaporPixel\b.jpg
FileModTime:1680223780
%EndFont

%BeginFont
Handler:DirectoryHandler
FontType:Invalid
OutlineFileName:D:\학생방\전유림606\PORTFOLIO-전유림\Font\VaporPixel-20231205T073150Z-001\VaporPixel\c.jpg
FileModTime:1680223780
%EndFont

%BeginFont
Handler:DirectoryHandler
FontType:Invalid
OutlineFileName:D:\학생방\전유림606\PORTFOLIO-전유림\Font\VaporPixel-20231205T073150Z-001\VaporPixel\d.jpg
FileModTime:1680223782
%EndFont

%BeginFont
Handler:DirectoryHandler
FontType:Invalid
OutlineFileName:D:\학생방\전유림606\PORTFOLIO-전유림\Font\VaporPixel-20231205T073150Z-001\VaporPixel\e.jpg
FileModTime:1680223782
%EndFont

%BeginFont
Handler:DirectoryHandler
FontType:Invalid
OutlineFileName:D:\학생방\전유림606\PORTFOLIO-전유림\Font\VaporPixel-20231205T073150Z-001\VaporPixel\f.jpg
FileModTime:1680223782
%EndFont

%BeginFont
Handler:DirectoryHandler
FontType:Invalid
OutlineFileName:D:\학생방\전유림606\PORTFOLIO-전유림\Font\VaporPixel-20231205T073150Z-001\VaporPixel\g.jpg
FileModTime:1680223782
%EndFont

%BeginFont
Handler:DirectoryHandler
FontType:Type1
FontName:VaporPixelDot
FamilyName:VaporPixel
StyleName:Dot
FullName:VaporPixel Dot
MenuName:VaporPixel Dot
StyleBits:0
WritingScript:Roman
OutlineFileName:D:\학생방\전유림606\PORTFOLIO-전유림\Font\VaporPixel-20231205T073150Z-001\VaporPixel\VaporPixel-Dot.otf
DataFormat:sfntData
UsesStandardEncoding:yes
isCFF:yes
hasSVG:no
VariableFontType:NonVariableFont
FileLength:559068
FileModTime:1680223780
WeightClass:400
WidthClass:5
AngleClass:0
NameArray:0,Mac,4,VaporPixel Dot
NameArray:0,Win,1,VaporPixel Dot
NameArray:0,Win,16,VaporPixel
%EndFont

%BeginFont
Handler:DirectoryHandler
FontType:Type1
FontName:VaporPixelGrid
FamilyName:VaporPixel
StyleName:Grid
FullName:VaporPixel Grid
MenuName:VaporPixel Grid
StyleBits:0
WritingScript:Roman
OutlineFileName:D:\학생방\전유림606\PORTFOLIO-전유림\Font\VaporPixel-20231205T073150Z-001\VaporPixel\VaporPixel-Grid.otf
DataFormat:sfntData
UsesStandardEncoding:yes
isCFF:yes
hasSVG:no
VariableFontType:NonVariableFont
FileLength:335272
FileModTime:1680223782
WeightClass:400
WidthClass:5
AngleClass:0
NameArray:0,Mac,4,VaporPixel Grid
NameArray:0,Win,1,VaporPixel Grid
NameArray:0,Win,16,VaporPixel
%EndFont

%BeginFont
Handler:DirectoryHandler
FontType:Type1
FontName:VaporPixelOrigin
FamilyName:VaporPixel
StyleName:Origin
FullName:VaporPixel Origin
MenuName:VaporPixel Origin
StyleBits:0
WritingScript:Roman
OutlineFileName:D:\학생방\전유림606\PORTFOLIO-전유림\Font\VaporPixel-20231205T073150Z-001\VaporPixel\VaporPixel-Origin.otf
DataFormat:sfntData
UsesStandardEncoding:yes
isCFF:yes
hasSVG:no
VariableFontType:NonVariableFont
FileLength:12060
FileModTime:1680223780
WeightClass:400
WidthClass:5
AngleClass:0
NameArray:0,Mac,4,VaporPixel Origin
NameArray:0,Win,1,VaporPixel Origin
NameArray:0,Win,16,VaporPixel
%EndFont

%BeginFont
Handler:DirectoryHandler
FontType:Type1
FontName:VaporPixelReverse
FamilyName:VaporPixel
StyleName:Reverse
FullName:VaporPixel Reverse
MenuName:VaporPixel Reverse
StyleBits:0
WritingScript:Roman
OutlineFileName:D:\학생방\전유림606\PORTFOLIO-전유림\Font\VaporPixel-20231205T073150Z-001\VaporPixel\VaporPixel-Reverse.otf
DataFormat:sfntData
UsesStandardEncoding:yes
isCFF:yes
hasSVG:no
VariableFontType:NonVariableFont
FileLength:343220
FileModTime:1680223780
WeightClass:400
WidthClass:5
AngleClass:0
NameArray:0,Mac,4,VaporPixel Reverse
NameArray:0,Win,1,VaporPixel Reverse
NameArray:0,Win,16,VaporPixel
%EndFont

%BeginFont
Handler:DirectoryHandler
FontType:Type1
FontName:VaporPixelRegular
FamilyName:VaporPixel
StyleName:Regular
FullName:VaporPixel
MenuName:VaporPixel
StyleBits:0
WritingScript:Roman
OutlineFileName:D:\학생방\전유림606\PORTFOLIO-전유림\Font\VaporPixel-20231205T073150Z-001\VaporPixel\VaporPixel.otf
DataFormat:sfntData
UsesStandardEncoding:yes
isCFF:yes
hasSVG:no
VariableFontType:NonVariableFont
FileLength:342292
FileModTime:1680223780
WeightClass:400
WidthClass:5
AngleClass:0
NameArray:0,Mac,4,VaporPixel
NameArray:0,Win,1,VaporPixel
NameArray:0,Win,16,VaporPixel
%EndFont

%BeginFont
Handler:DirectoryHandler
FontType:Invalid
OutlineFileName:D:\학생방\전유림606\PORTFOLIO-전유림\Font\Titan_One\OFL.txt
FileModTime:1704694746
%EndFont

%BeginFont
Handler:DirectoryHandler
FontType:TrueType
FontName:TitanOne
FamilyName:Titan One
StyleName:Regular
FullName:Titan One
MenuName:Titan One
StyleBits:0
WritingScript:Roman
OutlineFileName:D:\학생방\전유림606\PORTFOLIO-전유림\Font\Titan_One\TitanOne-Regular.ttf
DataFormat:sfntData
hasSVG:no
VariableFontType:NonVariableFont
FileLength:52708
FileModTime:1692985884
WeightClass:400
WidthClass:5
AngleClass:0
NameArray:0,Win,1,Titan One
%EndFont

%BeginFont
Handler:DirectoryHandler
FontType:Invalid
OutlineFileName:D:\학생방\전유림606\PORTFOLIO-전유림\Font\Salsa\OFL.txt
FileModTime:1704694492
%EndFont

%BeginFont
Handler:DirectoryHandler
FontType:TrueType
FontName:Salsa-Regular
FamilyName:Salsa
StyleName:Regular
FullName:Salsa-Regular
MenuName:Salsa
StyleBits:0
WritingScript:Roman
OutlineFileName:D:\학생방\전유림606\PORTFOLIO-전유림\Font\Salsa\Salsa-Regular.ttf
DataFormat:sfntData
hasSVG:no
VariableFontType:NonVariableFont
FileLength:47220
FileModTime:1692985884
WeightClass:400
WidthClass:5
AngleClass:0
NameArray:0,Win,1,Salsa
%EndFont

%BeginFont
Handler:DirectoryHandler
FontType:Type1
FontName:S-CoreDream-1Thin
FamilyName:S-Core Dream
StyleName:1 Thin
FullName:S-Core Dream 1 Thin
MenuName:에스코어 드림 1 Thin
StyleBits:0
FamilyNameNative:에스코어 드림
StyleNameNative:1 Thin
FullNameNative:에스코어 드림 1 Thin
WritingScript:Korean
OutlineFileName:D:\학생방\전유림606\PORTFOLIO-전유림\Font\S-Core_Dream_OTF\SCDream1.otf
DataFormat:sfntData
UsesStandardEncoding:yes
isCFF:yes
hasSVG:no
VariableFontType:NonVariableFont
FileLength:736140
FileModTime:1518300418
WeightClass:100
WidthClass:5
AngleClass:0
NameArray:0,Mac,4,S-Core Dream 1 Thin
NameArray:0,Win,1,S-Core Dream 1 Thin
NameArray:0,Win,16,S-Core Dream
NameArray:3,Win,1,에스코어 드림 1 Thin
NameArray:3,Win,16,에스코어 드림
%EndFont

%BeginFont
Handler:DirectoryHandler
FontType:Type1
FontName:S-CoreDream-2ExtraLight
FamilyName:S-Core Dream
StyleName:2 ExtraLight
FullName:S-Core Dream 2 ExtraLight
MenuName:에스코어 드림 2 ExtraLight
StyleBits:0
FamilyNameNative:에스코어 드림
StyleNameNative:2 ExtraLight
FullNameNative:에스코어 드림 2 ExtraLight
WritingScript:Korean
OutlineFileName:D:\학생방\전유림606\PORTFOLIO-전유림\Font\S-Core_Dream_OTF\SCDream2.otf
DataFormat:sfntData
UsesStandardEncoding:yes
isCFF:yes
hasSVG:no
VariableFontType:NonVariableFont
FileLength:734208
FileModTime:1518421144
WeightClass:200
WidthClass:5
AngleClass:0
NameArray:0,Mac,4,S-Core Dream 2 ExtraLight
NameArray:0,Win,1,S-Core Dream 2 ExtraLight
NameArray:0,Win,16,S-Core Dream
NameArray:3,Win,1,에스코어 드림 2 ExtraLight
NameArray:3,Win,16,에스코어 드림
%EndFont

%BeginFont
Handler:DirectoryHandler
FontType:Type1
FontName:S-CoreDream-3Light
FamilyName:S-Core Dream
StyleName:3 Light
FullName:S-Core Dream 3 Light
MenuName:에스코어 드림 3 Light
StyleBits:0
FamilyNameNative:에스코어 드림
StyleNameNative:3 Light
FullNameNative:에스코어 드림 3 Light
WritingScript:Korean
OutlineFileName:D:\학생방\전유림606\PORTFOLIO-전유림\Font\S-Core_Dream_OTF\SCDream3.otf
DataFormat:sfntData
UsesStandardEncoding:yes
isCFF:yes
hasSVG:no
VariableFontType:NonVariableFont
FileLength:732548
FileModTime:1518300460
WeightClass:300
WidthClass:5
AngleClass:0
NameArray:0,Mac,4,S-Core Dream 3 Light
NameArray:0,Win,1,S-Core Dream 3 Light
NameArray:0,Win,16,S-Core Dream
NameArray:3,Win,1,에스코어 드림 3 Light
NameArray:3,Win,16,에스코어 드림
%EndFont

%BeginFont
Handler:DirectoryHandler
FontType:Type1
FontName:S-CoreDream-4Regular
FamilyName:S-Core Dream
StyleName:4 Regular
FullName:S-Core Dream 4 Regular
MenuName:에스코어 드림 4 Regular
StyleBits:0
FamilyNameNative:에스코어 드림
StyleNameNative:4 Regular
FullNameNative:에스코어 드림 4 Regular
WritingScript:Korean
OutlineFileName:D:\학생방\전유림606\PORTFOLIO-전유림\Font\S-Core_Dream_OTF\SCDream4.otf
DataFormat:sfntData
UsesStandardEncoding:yes
isCFF:yes
hasSVG:no
VariableFontType:NonVariableFont
FileLength:729724
FileModTime:1518300454
WeightClass:200
WidthClass:5
AngleClass:0
NameArray:0,Mac,4,S-Core Dream 4 Regular
NameArray:0,Win,1,S-Core Dream 4 Regular
NameArray:0,Win,16,S-Core Dream
NameArray:3,Win,1,에스코어 드림 4 Regular
NameArray:3,Win,16,에스코어 드림
%EndFont

%BeginFont
Handler:DirectoryHandler
FontType:Type1
FontName:S-CoreDream-5Medium
FamilyName:S-Core Dream
StyleName:5 Medium
FullName:S-Core Dream 5 Medium
MenuName:에스코어 드림 5 Medium
StyleBits:0
FamilyNameNative:에스코어 드림
StyleNameNative:5 Medium
FullNameNative:에스코어 드림 5 Medium
WritingScript:Korean
OutlineFileName:D:\학생방\전유림606\PORTFOLIO-전유림\Font\S-Core_Dream_OTF\SCDream5.otf
DataFormat:sfntData
UsesStandardEncoding:yes
isCFF:yes
hasSVG:no
VariableFontType:NonVariableFont
FileLength:732032
FileModTime:1518300448
WeightClass:500
WidthClass:5
AngleClass:0
NameArray:0,Mac,4,S-Core Dream 5 Medium
NameArray:0,Win,1,S-Core Dream 5 Medium
NameArray:0,Win,16,S-Core Dream
NameArray:3,Win,1,에스코어 드림 5 Medium
NameArray:3,Win,16,에스코어 드림
%EndFont

%BeginFont
Handler:DirectoryHandler
FontType:Type1
FontName:S-CoreDream-6Bold
FamilyName:S-Core Dream
StyleName:6 Bold
FullName:S-Core Dream 6 Bold
MenuName:에스코어 드림 6 Bold
StyleBits:0
FamilyNameNative:에스코어 드림
StyleNameNative:6 Bold
FullNameNative:에스코어 드림 6 Bold
WritingScript:Korean
OutlineFileName:D:\학생방\전유림606\PORTFOLIO-전유림\Font\S-Core_Dream_OTF\SCDream6.otf
DataFormat:sfntData
UsesStandardEncoding:yes
isCFF:yes
hasSVG:no
VariableFontType:NonVariableFont
FileLength:743480
FileModTime:1518300444
WeightClass:600
WidthClass:5
AngleClass:0
NameArray:0,Mac,4,S-Core Dream 6 Bold
NameArray:0,Win,1,S-Core Dream 6 Bold
NameArray:0,Win,16,S-Core Dream
NameArray:3,Win,1,에스코어 드림 6 Bold
NameArray:3,Win,16,에스코어 드림
%EndFont

%BeginFont
Handler:DirectoryHandler
FontType:Type1
FontName:S-CoreDream-7ExtraBold
FamilyName:S-Core Dream
StyleName:7 ExtraBold
FullName:S-Core Dream 7 ExtraBold
MenuName:에스코어 드림 7 ExtraBold
StyleBits:0
FamilyNameNative:에스코어 드림
StyleNameNative:7 ExtraBold
FullNameNative:에스코어 드림 7 ExtraBold
WritingScript:Korean
OutlineFileName:D:\학생방\전유림606\PORTFOLIO-전유림\Font\S-Core_Dream_OTF\SCDream7.otf
DataFormat:sfntData
UsesStandardEncoding:yes
isCFF:yes
hasSVG:no
VariableFontType:NonVariableFont
FileLength:743744
FileModTime:1518300436
WeightClass:700
WidthClass:5
AngleClass:0
NameArray:0,Mac,4,S-Core Dream 7 ExtraBold
NameArray:0,Win,1,S-Core Dream 7 ExtraBold
NameArray:0,Win,16,S-Core Dream
NameArray:3,Win,1,에스코어 드림 7 ExtraBold
NameArray:3,Win,16,에스코어 드림
%EndFont

%BeginFont
Handler:DirectoryHandler
FontType:Type1
FontName:S-CoreDream-8Heavy
FamilyName:S-Core Dream
StyleName:8 Heavy
FullName:S-Core Dream 8 Heavy
MenuName:에스코어 드림 8 Heavy
StyleBits:0
FamilyNameNative:에스코어 드림
StyleNameNative:8 Heavy
FullNameNative:에스코어 드림 8 Heavy
WritingScript:Korean
OutlineFileName:D:\학생방\전유림606\PORTFOLIO-전유림\Font\S-Core_Dream_OTF\SCDream8.otf
DataFormat:sfntData
UsesStandardEncoding:yes
isCFF:yes
hasSVG:no
VariableFontType:NonVariableFont
FileLength:743788
FileModTime:1518300432
WeightClass:800
WidthClass:5
AngleClass:0
NameArray:0,Mac,4,S-Core Dream 8 Heavy
NameArray:0,Win,1,S-Core Dream 8 Heavy
NameArray:0,Win,16,S-Core Dream
NameArray:3,Win,1,에스코어 드림 8 Heavy
NameArray:3,Win,16,에스코어 드림
%EndFont

%BeginFont
Handler:DirectoryHandler
FontType:Type1
FontName:S-CoreDream-9Black
FamilyName:S-Core Dream
StyleName:9 Black
FullName:S-Core Dream 9 Black
MenuName:에스코어 드림 9 Black
StyleBits:0
FamilyNameNative:에스코어 드림
StyleNameNative:9 Black
FullNameNative:에스코어 드림 9 Black
WritingScript:Korean
OutlineFileName:D:\학생방\전유림606\PORTFOLIO-전유림\Font\S-Core_Dream_OTF\SCDream9.otf
DataFormat:sfntData
UsesStandardEncoding:yes
isCFF:yes
hasSVG:no
VariableFontType:NonVariableFont
FileLength:742664
FileModTime:1518300422
WeightClass:900
WidthClass:5
AngleClass:0
NameArray:0,Mac,4,S-Core Dream 9 Black
NameArray:0,Win,1,S-Core Dream 9 Black
NameArray:0,Win,16,S-Core Dream
NameArray:3,Win,1,에스코어 드림 9 Black
NameArray:3,Win,16,에스코어 드림
%EndFont

%BeginFont
Handler:DirectoryHandler
FontType:Invalid
OutlineFileName:D:\학생방\전유림606\PORTFOLIO-전유림\Font\S-Core_Dream_OTF\에스코어 드림_라이선스.png
FileModTime:1582030472
%EndFont

%BeginFont
Handler:DirectoryHandler
FontType:Invalid
OutlineFileName:D:\학생방\전유림606\PORTFOLIO-전유림\Font\Poiret_One\OFL.txt
FileModTime:1704694724
%EndFont

%BeginFont
Handler:DirectoryHandler
FontType:TrueType
FontName:PoiretOne-Regular
FamilyName:Poiret One
StyleName:Regular
FullName:Poiret One
MenuName:Poiret One
StyleBits:0
WritingScript:Roman
OutlineFileName:D:\학생방\전유림606\PORTFOLIO-전유림\Font\Poiret_One\PoiretOne-Regular.ttf
DataFormat:sfntData
hasSVG:no
VariableFontType:NonVariableFont
FileLength:45244
FileModTime:1692985884
WeightClass:400
WidthClass:5
AngleClass:0
NameArray:0,Win,1,Poiret One
%EndFont

%BeginFont
Handler:DirectoryHandler
FontType:TrueType
FontName:Montserrat-ThinItalic
FamilyName:Montserrat
StyleName:Thin Italic
FullName:Montserrat Thin Italic
MenuName:Montserrat Thin
StyleBits:1
WritingScript:Roman
OutlineFileName:D:\학생방\전유림606\PORTFOLIO-전유림\Font\Montserrat\Montserrat-Italic-VariableFont_wght.ttf
DataFormat:sfntData
hasSVG:no
VariableFontType:TrueTypeVariableFont
FileLength:404112
FileModTime:1694672838
WeightClass:100
WidthClass:5
AngleClass:1
NameArray:0,Win,1,Montserrat Thin
NameArray:0,Win,16,Montserrat
%EndFont

%BeginFont
Handler:DirectoryHandler
FontType:TrueType
FontName:Montserrat-Thin
FamilyName:Montserrat
StyleName:Thin
FullName:Montserrat Thin
MenuName:Montserrat Thin
StyleBits:0
WritingScript:Roman
OutlineFileName:D:\학생방\전유림606\PORTFOLIO-전유림\Font\Montserrat\Montserrat-VariableFont_wght.ttf
DataFormat:sfntData
hasSVG:no
VariableFontType:TrueTypeVariableFont
FileLength:394140
FileModTime:1694672838
WeightClass:100
WidthClass:5
AngleClass:0
NameArray:0,Win,1,Montserrat Thin
NameArray:0,Win,16,Montserrat
%EndFont

%BeginFont
Handler:DirectoryHandler
FontType:Invalid
OutlineFileName:D:\학생방\전유림606\PORTFOLIO-전유림\Font\Montserrat\OFL.txt
FileModTime:1698926556
%EndFont

%BeginFont
Handler:DirectoryHandler
FontType:Invalid
OutlineFileName:D:\학생방\전유림606\PORTFOLIO-전유림\Font\Montserrat\README.txt
FileModTime:1698926556
%EndFont

%BeginFont
Handler:DirectoryHandler
FontType:TrueType
FontName:Montserrat-Black
FamilyName:Montserrat
StyleName:Black
FullName:Montserrat Black
MenuName:Montserrat Black
StyleBits:0
WritingScript:Roman
OutlineFileName:D:\학생방\전유림606\PORTFOLIO-전유림\Font\Montserrat\static\Montserrat-Black.ttf
DataFormat:sfntData
hasSVG:no
VariableFontType:NonVariableFont
FileLength:199056
FileModTime:1694672838
WeightClass:900
WidthClass:5
AngleClass:0
NameArray:0,Win,1,Montserrat Black
NameArray:0,Win,16,Montserrat
%EndFont

%BeginFont
Handler:DirectoryHandler
FontType:TrueType
FontName:Montserrat-BlackItalic
FamilyName:Montserrat
StyleName:Black Italic
FullName:Montserrat Black Italic
MenuName:Montserrat Black
StyleBits:1
WritingScript:Roman
OutlineFileName:D:\학생방\전유림606\PORTFOLIO-전유림\Font\Montserrat\static\Montserrat-BlackItalic.ttf
DataFormat:sfntData
hasSVG:no
VariableFontType:NonVariableFont
FileLength:203860
FileModTime:1694672838
WeightClass:900
WidthClass:5
AngleClass:1
NameArray:0,Win,1,Montserrat Black
NameArray:0,Win,16,Montserrat
%EndFont

%BeginFont
Handler:DirectoryHandler
FontType:TrueType
FontName:Montserrat-Bold
FamilyName:Montserrat
StyleName:Bold
FullName:Montserrat Bold
MenuName:Montserrat
StyleBits:2
WritingScript:Roman
OutlineFileName:D:\학생방\전유림606\PORTFOLIO-전유림\Font\Montserrat\static\Montserrat-Bold.ttf
DataFormat:sfntData
hasSVG:no
VariableFontType:NonVariableFont
FileLength:198120
FileModTime:1694672838
WeightClass:700
WidthClass:5
AngleClass:0
NameArray:0,Win,1,Montserrat
%EndFont

%BeginFont
Handler:DirectoryHandler
FontType:TrueType
FontName:Montserrat-BoldItalic
FamilyName:Montserrat
StyleName:Bold Italic
FullName:Montserrat Bold Italic
MenuName:Montserrat
StyleBits:3
WritingScript:Roman
OutlineFileName:D:\학생방\전유림606\PORTFOLIO-전유림\Font\Montserrat\static\Montserrat-BoldItalic.ttf
DataFormat:sfntData
hasSVG:no
VariableFontType:NonVariableFont
FileLength:202864
FileModTime:1694672838
WeightClass:700
WidthClass:5
AngleClass:1
NameArray:0,Win,1,Montserrat
%EndFont

%BeginFont
Handler:DirectoryHandler
FontType:TrueType
FontName:Montserrat-ExtraBold
FamilyName:Montserrat
StyleName:ExtraBold
FullName:Montserrat ExtraBold
MenuName:Montserrat ExtraBold
StyleBits:0
WritingScript:Roman
OutlineFileName:D:\학생방\전유림606\PORTFOLIO-전유림\Font\Montserrat\static\Montserrat-ExtraBold.ttf
DataFormat:sfntData
hasSVG:no
VariableFontType:NonVariableFont
FileLength:199276
FileModTime:1694672838
WeightClass:800
WidthClass:5
AngleClass:0
NameArray:0,Win,1,Montserrat ExtraBold
NameArray:0,Win,16,Montserrat
%EndFont

%BeginFont
Handler:DirectoryHandler
FontType:TrueType
FontName:Montserrat-ExtraBoldItalic
FamilyName:Montserrat
StyleName:ExtraBold Italic
FullName:Montserrat ExtraBold Italic
MenuName:Montserrat ExtraBold
StyleBits:1
WritingScript:Roman
OutlineFileName:D:\학생방\전유림606\PORTFOLIO-전유림\Font\Montserrat\static\Montserrat-ExtraBoldItalic.ttf
DataFormat:sfntData
hasSVG:no
VariableFontType:NonVariableFont
FileLength:203940
FileModTime:1694672838
WeightClass:800
WidthClass:5
AngleClass:1
NameArray:0,Win,1,Montserrat ExtraBold
NameArray:0,Win,16,Montserrat
%EndFont

%BeginFont
Handler:DirectoryHandler
FontType:TrueType
FontName:Montserrat-ExtraLight
FamilyName:Montserrat
StyleName:ExtraLight
FullName:Montserrat ExtraLight
MenuName:Montserrat ExtraLight
StyleBits:0
WritingScript:Roman
OutlineFileName:D:\학생방\전유림606\PORTFOLIO-전유림\Font\Montserrat\static\Montserrat-ExtraLight.ttf
DataFormat:sfntData
hasSVG:no
VariableFontType:NonVariableFont
FileLength:197420
FileModTime:1694672838
WeightClass:250
WidthClass:5
AngleClass:0
NameArray:0,Win,1,Montserrat ExtraLight
NameArray:0,Win,16,Montserrat
%EndFont

%BeginFont
Handler:DirectoryHandler
FontType:TrueType
FontName:Montserrat-ExtraLightItalic
FamilyName:Montserrat
StyleName:ExtraLight Italic
FullName:Montserrat ExtraLight Italic
MenuName:Montserrat ExtraLight
StyleBits:1
WritingScript:Roman
OutlineFileName:D:\학생방\전유림606\PORTFOLIO-전유림\Font\Montserrat\static\Montserrat-ExtraLightItalic.ttf
DataFormat:sfntData
hasSVG:no
VariableFontType:NonVariableFont
FileLength:202276
FileModTime:1694672838
WeightClass:250
WidthClass:5
AngleClass:1
NameArray:0,Win,1,Montserrat ExtraLight
NameArray:0,Win,16,Montserrat
%EndFont

%BeginFont
Handler:DirectoryHandler
FontType:TrueType
FontName:Montserrat-Italic
FamilyName:Montserrat
StyleName:Italic
FullName:Montserrat Italic
MenuName:Montserrat
StyleBits:1
WritingScript:Roman
OutlineFileName:D:\학생방\전유림606\PORTFOLIO-전유림\Font\Montserrat\static\Montserrat-Italic.ttf
DataFormat:sfntData
hasSVG:no
VariableFontType:NonVariableFont
FileLength:202344
FileModTime:1694672838
WeightClass:400
WidthClass:5
AngleClass:1
NameArray:0,Win,1,Montserrat
%EndFont

%BeginFont
Handler:DirectoryHandler
FontType:TrueType
FontName:Montserrat-Light
FamilyName:Montserrat
StyleName:Light
FullName:Montserrat Light
MenuName:Montserrat Light
StyleBits:0
WritingScript:Roman
OutlineFileName:D:\학생방\전유림606\PORTFOLIO-전유림\Font\Montserrat\static\Montserrat-Light.ttf
DataFormat:sfntData
hasSVG:no
VariableFontType:NonVariableFont
FileLength:197716
FileModTime:1694672838
WeightClass:300
WidthClass:5
AngleClass:0
NameArray:0,Win,1,Montserrat Light
NameArray:0,Win,16,Montserrat
%EndFont

%BeginFont
Handler:DirectoryHandler
FontType:TrueType
FontName:Montserrat-LightItalic
FamilyName:Montserrat
StyleName:Light Italic
FullName:Montserrat Light Italic
MenuName:Montserrat Light
StyleBits:1
WritingScript:Roman
OutlineFileName:D:\학생방\전유림606\PORTFOLIO-전유림\Font\Montserrat\static\Montserrat-LightItalic.ttf
DataFormat:sfntData
hasSVG:no
VariableFontType:NonVariableFont
FileLength:202460
FileModTime:1694672838
WeightClass:300
WidthClass:5
AngleClass:1
NameArray:0,Win,1,Montserrat Light
NameArray:0,Win,16,Montserrat
%EndFont

%BeginFont
Handler:DirectoryHandler
FontType:TrueType
FontName:Montserrat-Medium
FamilyName:Montserrat
StyleName:Medium
FullName:Montserrat Medium
MenuName:Montserrat Medium
StyleBits:0
WritingScript:Roman
OutlineFileName:D:\학생방\전유림606\PORTFOLIO-전유림\Font\Montserrat\static\Montserrat-Medium.ttf
DataFormat:sfntData
hasSVG:no
VariableFontType:NonVariableFont
FileLength:197756
FileModTime:1694672838
WeightClass:500
WidthClass:5
AngleClass:0
NameArray:0,Win,1,Montserrat Medium
NameArray:0,Win,16,Montserrat
%EndFont

%BeginFont
Handler:DirectoryHandler
FontType:TrueType
FontName:Montserrat-MediumItalic
FamilyName:Montserrat
StyleName:Medium Italic
FullName:Montserrat Medium Italic
MenuName:Montserrat Medium
StyleBits:1
WritingScript:Roman
OutlineFileName:D:\학생방\전유림606\PORTFOLIO-전유림\Font\Montserrat\static\Montserrat-MediumItalic.ttf
DataFormat:sfntData
hasSVG:no
VariableFontType:NonVariableFont
FileLength:202432
FileModTime:1694672838
WeightClass:500
WidthClass:5
AngleClass:1
NameArray:0,Win,1,Montserrat Medium
NameArray:0,Win,16,Montserrat
%EndFont

%BeginFont
Handler:DirectoryHandler
FontType:TrueType
FontName:Montserrat-Regular
FamilyName:Montserrat
StyleName:Regular
FullName:Montserrat Regular
MenuName:Montserrat
StyleBits:0
WritingScript:Roman
OutlineFileName:D:\학생방\전유림606\PORTFOLIO-전유림\Font\Montserrat\static\Montserrat-Regular.ttf
DataFormat:sfntData
hasSVG:no
VariableFontType:NonVariableFont
FileLength:197624
FileModTime:1694672838
WeightClass:400
WidthClass:5
AngleClass:0
NameArray:0,Win,1,Montserrat
%EndFont

%BeginFont
Handler:DirectoryHandler
FontType:TrueType
FontName:Montserrat-SemiBold
FamilyName:Montserrat
StyleName:SemiBold
FullName:Montserrat SemiBold
MenuName:Montserrat SemiBold
StyleBits:0
WritingScript:Roman
OutlineFileName:D:\학생방\전유림606\PORTFOLIO-전유림\Font\Montserrat\static\Montserrat-SemiBold.ttf
DataFormat:sfntData
hasSVG:no
VariableFontType:NonVariableFont
FileLength:197964
FileModTime:1694672838
WeightClass:600
WidthClass:5
AngleClass:0
NameArray:0,Win,1,Montserrat SemiBold
NameArray:0,Win,16,Montserrat
%EndFont

%BeginFont
Handler:DirectoryHandler
FontType:TrueType
FontName:Montserrat-SemiBoldItalic
FamilyName:Montserrat
StyleName:SemiBold Italic
FullName:Montserrat SemiBold Italic
MenuName:Montserrat SemiBold
StyleBits:1
WritingScript:Roman
OutlineFileName:D:\학생방\전유림606\PORTFOLIO-전유림\Font\Montserrat\static\Montserrat-SemiBoldItalic.ttf
DataFormat:sfntData
hasSVG:no
VariableFontType:NonVariableFont
FileLength:202736
FileModTime:1694672838
WeightClass:600
WidthClass:5
AngleClass:1
NameArray:0,Win,1,Montserrat SemiBold
NameArray:0,Win,16,Montserrat
%EndFont

%BeginFont
Handler:DirectoryHandler
FontType:TrueType
FontName:Montserrat-Thin
FamilyName:Montserrat
StyleName:Thin
FullName:Montserrat Thin
MenuName:Montserrat Thin
StyleBits:0
WritingScript:Roman
OutlineFileName:D:\학생방\전유림606\PORTFOLIO-전유림\Font\Montserrat\static\Montserrat-Thin.ttf
DataFormat:sfntData
hasSVG:no
VariableFontType:NonVariableFont
FileLength:197104
FileModTime:1694672838
WeightClass:250
WidthClass:5
AngleClass:0
NameArray:0,Win,1,Montserrat Thin
NameArray:0,Win,16,Montserrat
%EndFont

%BeginFont
Handler:DirectoryHandler
FontType:TrueType
FontName:Montserrat-ThinItalic
FamilyName:Montserrat
StyleName:Thin Italic
FullName:Montserrat Thin Italic
MenuName:Montserrat Thin
StyleBits:1
WritingScript:Roman
OutlineFileName:D:\학생방\전유림606\PORTFOLIO-전유림\Font\Montserrat\static\Montserrat-ThinItalic.ttf
DataFormat:sfntData
hasSVG:no
VariableFontType:NonVariableFont
FileLength:201864
FileModTime:1694672838
WeightClass:250
WidthClass:5
AngleClass:1
NameArray:0,Win,1,Montserrat Thin
NameArray:0,Win,16,Montserrat
%EndFont

%BeginFont
Handler:DirectoryHandler
FontType:TrueType
FontName:GmarketSansTTFBold
FamilyName:Gmarket Sans TTF
StyleName:Bold
FullName:Gmarket Sans TTF Bold
MenuName:G마켓 산스 TTF Bold
StyleBits:0
FamilyNameNative:G마켓 산스 TTF
StyleNameNative:Bold
FullNameNative:G마켓 산스 TTF Bold
WritingScript:Korean
OutlineFileName:D:\학생방\전유림606\PORTFOLIO-전유림\Font\GmarketSansTTF\GmarketSansTTFBold.ttf
DataFormat:sfntData
hasSVG:no
VariableFontType:NonVariableFont
FileLength:2511976
FileModTime:1571575290
WeightClass:700
WidthClass:5
AngleClass:0
NameArray:0,Mac,4,Gmarket Sans TTF Bold
NameArray:3,Mac,4,G마켓 산스 TTF Bold
NameArray:0,Win,1,Gmarket Sans TTF Bold
NameArray:0,Win,16,Gmarket Sans TTF
NameArray:3,Win,1,G마켓 산스 TTF Bold
NameArray:3,Win,16,G마켓 산스 TTF
%EndFont

%BeginFont
Handler:DirectoryHandler
FontType:TrueType
FontName:GmarketSansTTFLight
FamilyName:Gmarket Sans TTF
StyleName:Light
FullName:Gmarket Sans TTF Light
MenuName:G마켓 산스 TTF Light
StyleBits:0
FamilyNameNative:G마켓 산스 TTF
StyleNameNative:Light
FullNameNative:G마켓 산스 TTF Light
WritingScript:Korean
OutlineFileName:D:\학생방\전유림606\PORTFOLIO-전유림\Font\GmarketSansTTF\GmarketSansTTFLight.ttf
DataFormat:sfntData
hasSVG:no
VariableFontType:NonVariableFont
FileLength:2413604
FileModTime:1571575290
WeightClass:300
WidthClass:5
AngleClass:0
NameArray:0,Mac,4,Gmarket Sans TTF Light
NameArray:3,Mac,4,G마켓 산스 TTF Light
NameArray:0,Win,1,Gmarket Sans TTF Light
NameArray:0,Win,16,Gmarket Sans TTF
NameArray:3,Win,1,G마켓 산스 TTF Light
NameArray:3,Win,16,G마켓 산스 TTF
%EndFont

%BeginFont
Handler:DirectoryHandler
FontType:TrueType
FontName:GmarketSansTTFMedium
FamilyName:Gmarket Sans TTF
StyleName:Medium
FullName:Gmarket Sans TTF Medium
MenuName:G마켓 산스 TTF Medium
StyleBits:0
FamilyNameNative:G마켓 산스 TTF
StyleNameNative:Medium
FullNameNative:G마켓 산스 TTF Medium
WritingScript:Korean
OutlineFileName:D:\학생방\전유림606\PORTFOLIO-전유림\Font\GmarketSansTTF\GmarketSansTTFMedium.ttf
DataFormat:sfntData
hasSVG:no
VariableFontType:NonVariableFont
FileLength:2417020
FileModTime:1571575290
WeightClass:500
WidthClass:5
AngleClass:0
NameArray:0,Mac,4,Gmarket Sans TTF Medium
NameArray:3,Mac,4,G마켓 산스 TTF Medium
NameArray:0,Win,1,Gmarket Sans TTF Medium
NameArray:0,Win,16,Gmarket Sans TTF
NameArray:3,Win,1,G마켓 산스 TTF Medium
NameArray:3,Win,16,G마켓 산스 TTF
%EndFont

%BeginFont
Handler:DirectoryHandler
FontType:TrueType
FontName:DotGothic16-Regular
FamilyName:DotGothic16
StyleName:Regular
FullName:DotGothic16 Regular
MenuName:DotGothic16
StyleBits:0
FamilyNameNative:DotGothic16
StyleNameNative:Regular
FullNameNative:DotGothic16 Regular
WritingScript:Japanese
OutlineFileName:D:\학생방\전유림606\PORTFOLIO-전유림\Font\DotGothic16\DotGothic16-Regular.ttf
DataFormat:sfntData
hasSVG:no
VariableFontType:NonVariableFont
FileLength:2026816
FileModTime:1692985884
WeightClass:400
WidthClass:5
AngleClass:0
NameArray:0,Win,1,DotGothic16
%EndFont

%BeginFont
Handler:DirectoryHandler
FontType:Invalid
OutlineFileName:D:\학생방\전유림606\PORTFOLIO-전유림\Font\DotGothic16\OFL.txt
FileModTime:1704694584
%EndFont

%BeginFont
Handler:DirectoryHandler
FontType:TrueType
FontName:DelaGothicOne-Regular
FamilyName:Dela Gothic One
StyleName:Regular
FullName:Dela Gothic One Regular
MenuName:Dela Gothic One
StyleBits:0
FamilyNameNative:Dela Gothic One
StyleNameNative:Regular
FullNameNative:Dela Gothic One Regular
WritingScript:Japanese
OutlineFileName:D:\학생방\전유림606\PORTFOLIO-전유림\Font\Dela_Gothic_One\DelaGothicOne-Regular.ttf
DataFormat:sfntData
hasSVG:no
VariableFontType:NonVariableFont
FileLength:2487960
FileModTime:1692985884
WeightClass:400
WidthClass:5
AngleClass:0
NameArray:0,Win,1,Dela Gothic One
%EndFont

%BeginFont
Handler:DirectoryHandler
FontType:Invalid
OutlineFileName:D:\학생방\전유림606\PORTFOLIO-전유림\Font\Dela_Gothic_One\OFL.txt
FileModTime:1704694710
%EndFont

